{
  "version": "1.5.0",
  "plugins_used": [
    {
      "name": "ArtifactoryDetector"
    },
    {
      "name": "AWSKeyDetector"
    },
    {
      "name": "AzureStorageKeyDetector"
    },
    {
      "name": "Base64HighEntropyString",
      "limit": 4.5
    },
    {
      "name": "BasicAuthDetector"
    },
    {
      "name": "CloudantDetector"
    },
    {
      "name": "DiscordBotTokenDetector"
    },
    {
      "name": "GitHubTokenDetector"
    },
    {
      "name": "GitLabTokenDetector"
    },
    {
      "name": "HexHighEntropyString",
      "limit": 3.0
    },
    {
      "name": "IbmCloudIamDetector"
    },
    {
      "name": "IbmCosHmacDetector"
    },
    {
      "name": "IPPublicDetector"
    },
    {
      "name": "JwtTokenDetector"
    },
    {
      "name": "KeywordDetector",
      "keyword_exclude": ""
    },
    {
      "name": "MailchimpDetector"
    },
    {
      "name": "NpmDetector"
    },
    {
      "name": "OpenAIDetector"
    },
    {
      "name": "PrivateKeyDetector"
    },
    {
      "name": "PypiTokenDetector"
    },
    {
      "name": "SendGridDetector"
    },
    {
      "name": "SlackDetector"
    },
    {
      "name": "SoftlayerDetector"
    },
    {
      "name": "SquareOAuthDetector"
    },
    {
      "name": "StripeDetector"
    },
    {
      "name": "TelegramBotTokenDetector"
    },
    {
      "name": "TwilioKeyDetector"
    }
  ],
  "filters_used": [
    {
      "path": "detect_secrets.filters.allowlist.is_line_allowlisted"
    },
    {
      "path": "detect_secrets.filters.common.is_baseline_file",
      "filename": ".secrets.baseline"
    },
    {
      "path": "detect_secrets.filters.common.is_ignored_due_to_verification_policies",
      "min_level": 2
    },
    {
      "path": "detect_secrets.filters.heuristic.is_indirect_reference"
    },
    {
      "path": "detect_secrets.filters.heuristic.is_likely_id_string"
    },
    {
      "path": "detect_secrets.filters.heuristic.is_lock_file"
    },
    {
      "path": "detect_secrets.filters.heuristic.is_not_alphanumeric_string"
    },
    {
      "path": "detect_secrets.filters.heuristic.is_potential_uuid"
    },
    {
      "path": "detect_secrets.filters.heuristic.is_prefixed_with_dollar_sign"
    },
    {
      "path": "detect_secrets.filters.heuristic.is_sequential_string"
    },
    {
      "path": "detect_secrets.filters.heuristic.is_swagger_file"
    },
    {
      "path": "detect_secrets.filters.heuristic.is_templated_secret"
    },
    {
      "path": "detect_secrets.filters.regex.should_exclude_file",
      "pattern": [
        "(^|/)Cargo\\.lock$"
      ]
    }
  ],
  "results": {
    "client-android/VENDOR.txt": [
      {
        "type": "Hex High Entropy String",
        "filename": "client-android/VENDOR.txt",
        "hashed_secret": "3c88a96a20a8490a52432ebbf3e372fce750ad17",
        "is_verified": false,
        "line_number": 2
      }
    ],
    "client-android/app/build-proot.sh": [
      {
        "type": "Hex High Entropy String",
        "filename": "client-android/app/build-proot.sh",
        "hashed_secret": "b9f77309d1b27fab7893441981e1e0fc539ed863",
        "is_verified": false,
        "line_number": 19
      }
    ],
    "client-android/app/composeApp/src/commonMain/kotlin/ai/deneb/data/AppSettings.kt": [
      {
        "type": "Secret Keyword",
        "filename": "client-android/app/composeApp/src/commonMain/kotlin/ai/deneb/data/AppSettings.kt",
        "hashed_secret": "dc04ec5002a10b0d70d3c77457aa0a1696c949a0",
        "is_verified": false,
        "line_number": 392
      }
    ],
    "client-android/app/iosApp/iosApp.xcodeproj/xcshareddata/xcschemes/iosApp.xcscheme": [
      {
        "type": "Hex High Entropy String",
        "filename": "client-android/app/iosApp/iosApp.xcodeproj/xcshareddata/xcschemes/iosApp.xcscheme",
        "hashed_secret": "7e8155bde386343490b64a23d4e2781ab3149056",
        "is_verified": false,
        "line_number": 10
      }
    ],
    "docs/reference/secretref-user-supplied-credentials-matrix.json": [
      {
        "type": "Secret Keyword",
        "filename": "docs/reference/secretref-user-supplied-credentials-matrix.json",
        "hashed_secret": "d6c8cbcbe34bf0e02cf1a52e27afcf18b59b3f79",
        "is_verified": false,
        "line_number": 18
      },
      {
        "type": "Secret Keyword",
        "filename": "docs/reference/secretref-user-supplied-credentials-matrix.json",
        "hashed_secret": "e9a292f7f4d25b0d861458719c6115de3ec813c3",
        "is_verified": false,
        "line_number": 36
      }
    ],
    "docs/research/hermes-agent-analysis.md": [
      {
        "type": "Base64 High Entropy String",
        "filename": "docs/research/hermes-agent-analysis.md",
        "hashed_secret": "f8c6f1ff98c5ee78c27d34a3ca68f35ad79847af",
        "is_verified": false,
        "line_number": 2303
      }
    ],
    "gateway-go/cmd/deneb-dropbox-auth/main.go": [
      {
        "type": "Secret Keyword",
        "filename": "gateway-go/cmd/deneb-dropbox-auth/main.go",
        "hashed_secret": "0e6b90c5bf301b4ec069eba015fe94bb2d318952",
        "is_verified": false,
        "line_number": 36
      }
    ],
    "gateway-go/internal/ai/llm/anthropic_test.go": [
      {
        "type": "Secret Keyword",
        "filename": "gateway-go/internal/ai/llm/anthropic_test.go",
        "hashed_secret": "dff6d4ff5dc357cf451d1855ab9cbda562645c9f",
        "is_verified": false,
        "line_number": 63
      }
    ],
    "gateway-go/internal/ai/llm/client.go": [
      {
        "type": "Secret Keyword",
        "filename": "gateway-go/internal/ai/llm/client.go",
        "hashed_secret": "b894b81be94cf8fa8d7536475aaec876addf05c8",
        "is_verified": false,
        "line_number": 58
      },
      {
        "type": "Secret Keyword",
        "filename": "gateway-go/internal/ai/llm/client.go",
        "hashed_secret": "e68edac394805b401415dbff6c549dd3ec94eccf",
        "is_verified": false,
        "line_number": 183
      },
      {
        "type": "Secret Keyword",
        "filename": "gateway-go/internal/ai/llm/client.go",
        "hashed_secret": "44e17306b837162269a410204daaa5ecee4ec22c",
        "is_verified": false,
        "line_number": 189
      }
    ],
    "gateway-go/internal/ai/llm/client_test.go": [
      {
        "type": "Secret Keyword",
        "filename": "gateway-go/internal/ai/llm/client_test.go",
        "hashed_secret": "3acfb2c2b433c0ea7ff107e33df91b18e52f960f",
        "is_verified": false,
        "line_number": 100
      },
      {
        "type": "Secret Keyword",
        "filename": "gateway-go/internal/ai/llm/client_test.go",
        "hashed_secret": "0e29657a0db06aa12c0cabc42d74d056b0c7afd8",
        "is_verified": false,
        "line_number": 130
      },
      {
        "type": "Secret Keyword",
        "filename": "gateway-go/internal/ai/llm/client_test.go",
        "hashed_secret": "658277676bdea851799b0a1a3b62a977a477bc61",
        "is_verified": false,
        "line_number": 137
      }
    ],
    "gateway-go/internal/ai/modelrole/registry.go": [
      {
        "type": "Secret Keyword",
        "filename": "gateway-go/internal/ai/modelrole/registry.go",
        "hashed_secret": "b55fa60f1a96766a89280202df110856d77c65fb",
        "is_verified": false,
        "line_number": 358
      }
    ],
    "gateway-go/internal/ai/modelrole/registry_test.go": [
      {
        "type": "Secret Keyword",
        "filename": "gateway-go/internal/ai/modelrole/registry_test.go",
        "hashed_secret": "6f122d21a351a7984c4be561e83adcef88dbd3e5",
        "is_verified": false,
        "line_number": 149
      }
    ],
    "gateway-go/internal/ai/provider/auth.go": [
      {
        "type": "Secret Keyword",
        "filename": "gateway-go/internal/ai/provider/auth.go",
        "hashed_secret": "9776534ee4159e617f9be2dd46d7f1a5ce56b914",
        "is_verified": false,
        "line_number": 139
      }
    ],
    "gateway-go/internal/ai/provider/auth_test.go": [
      {
        "type": "Secret Keyword",
        "filename": "gateway-go/internal/ai/provider/auth_test.go",
        "hashed_secret": "fb0123cbab73d8a58896fbe39b8b7b5b6df15c5e",
        "is_verified": false,
        "line_number": 89
      },
      {
        "type": "Secret Keyword",
        "filename": "gateway-go/internal/ai/provider/auth_test.go",
        "hashed_secret": "fe99c6a33530d8a033fe250d20a593f66e1320bd",
        "is_verified": false,
        "line_number": 103
      },
      {
        "type": "Secret Keyword",
        "filename": "gateway-go/internal/ai/provider/auth_test.go",
        "hashed_secret": "d6818da717fb2807ce8557b70d9c82e3effbd523",
        "is_verified": false,
        "line_number": 116
      },
      {
        "type": "Secret Keyword",
        "filename": "gateway-go/internal/ai/provider/auth_test.go",
        "hashed_secret": "80ddcbaddc153d0ceea8e1d0e3e24f62bb626cfc",
        "is_verified": false,
        "line_number": 146
      }
    ],
    "gateway-go/internal/core/coresecurity/security_test.go": [
      {
        "type": "Basic Auth Credentials",
        "filename": "gateway-go/internal/core/coresecurity/security_test.go",
        "hashed_secret": "9d4e1e23bd5b727046a9e3b4b7db57bd8d6ee684",
        "is_verified": false,
        "line_number": 106
      }
    ],
    "gateway-go/internal/domain/push/serviceaccount_test.go": [
      {
        "type": "Secret Keyword",
        "filename": "gateway-go/internal/domain/push/serviceaccount_test.go",
        "hashed_secret": "44e17306b837162269a410204daaa5ecee4ec22c",
        "is_verified": false,
        "line_number": 61
      }
    ],
    "gateway-go/internal/domain/skills/registry.go": [
      {
        "type": "Secret Keyword",
        "filename": "gateway-go/internal/domain/skills/registry.go",
        "hashed_secret": "b0ea41bc2511f378da1c76af816071f391a1b97f",
        "is_verified": false,
        "line_number": 121
      }
    ],
    "gateway-go/internal/infra/config/bootstrap.go": [
      {
        "type": "Secret Keyword",
        "filename": "gateway-go/internal/infra/config/bootstrap.go",
        "hashed_secret": "5baa61e4c9b93f3f0682250b6cf8331b7ee68fd8",
        "is_verified": false,
        "line_number": 180
      },
      {
        "type": "Secret Keyword",
        "filename": "gateway-go/internal/infra/config/bootstrap.go",
        "hashed_secret": "2e3de58e289ecb97e143a12f3c3b9a5479c97db4",
        "is_verified": false,
        "line_number": 291
      }
    ],
    "gateway-go/internal/infra/config/bootstrap_test.go": [
      {
        "type": "Secret Keyword",
        "filename": "gateway-go/internal/infra/config/bootstrap_test.go",
        "hashed_secret": "789cbe0407840b1c2041cb33452ff60f19bf58cc",
        "is_verified": false,
        "line_number": 107
      },
      {
        "type": "Secret Keyword",
        "filename": "gateway-go/internal/infra/config/bootstrap_test.go",
        "hashed_secret": "a2b005fff8fe1f7897243e62be6388dc2d3da6f7",
        "is_verified": false,
        "line_number": 356
      }
    ],
    "gateway-go/internal/infra/config/dotenv_test.go": [
      {
        "type": "Secret Keyword",
        "filename": "gateway-go/internal/infra/config/dotenv_test.go",
        "hashed_secret": "5c5a15a8b0b3e154d77746945e563ba40100681b",
        "is_verified": false,
        "line_number": 17
      },
      {
        "type": "Secret Keyword",
        "filename": "gateway-go/internal/infra/config/dotenv_test.go",
        "hashed_secret": "6367c48dd193d56ea7b0baad25b19455e529f5ee",
        "is_verified": false,
        "line_number": 21
      }
    ],
    "gateway-go/internal/infra/config/loader_test.go": [
      {
        "type": "Secret Keyword",
        "filename": "gateway-go/internal/infra/config/loader_test.go",
        "hashed_secret": "eb405a2ca739b72d0316d90eaf47d74557a0f390",
        "is_verified": false,
        "line_number": 110
      }
    ],
    "gateway-go/internal/infra/config/types.go": [
      {
        "type": "Secret Keyword",
        "filename": "gateway-go/internal/infra/config/types.go",
        "hashed_secret": "5baa61e4c9b93f3f0682250b6cf8331b7ee68fd8",
        "is_verified": false,
        "line_number": 39
      }
    ],
    "gateway-go/internal/pipeline/chat/prompt_snapshot_persist_test.go": [
      {
        "type": "Hex High Entropy String",
        "filename": "gateway-go/internal/pipeline/chat/prompt_snapshot_persist_test.go",
        "hashed_secret": "90bd1b48e958257948487b90bee080ba5ed00caa",
        "is_verified": false,
        "line_number": 30
      }
    ],
    "gateway-go/internal/pipeline/chat/run_provider.go": [
      {
        "type": "Secret Keyword",
        "filename": "gateway-go/internal/pipeline/chat/run_provider.go",
        "hashed_secret": "e20fa44930debf393c7cb3eb8c8d78cf10e79a56",
        "is_verified": false,
        "line_number": 40
      },
      {
        "type": "Secret Keyword",
        "filename": "gateway-go/internal/pipeline/chat/run_provider.go",
        "hashed_secret": "5275fcc5db5ce58ae30718b12a806556a55d9288",
        "is_verified": false,
        "line_number": 87
      }
    ],
    "gateway-go/internal/pipeline/chat/web/web_html.go": [
      {
        "type": "Secret Keyword",
        "filename": "gateway-go/internal/pipeline/chat/web/web_html.go",
        "hashed_secret": "939bb46a04c3640c8c427e92b1b557e882e2d2a0",
        "is_verified": false,
        "line_number": 107
      }
    ],
    "gateway-go/internal/platform/gmail/client_test.go": [
      {
        "type": "Secret Keyword",
        "filename": "gateway-go/internal/platform/gmail/client_test.go",
        "hashed_secret": "fe1bae27cb7c1fb823f496f286e78f1d2ae87734",
        "is_verified": false,
        "line_number": 46
      }
    ],
    "gateway-go/internal/platform/gmail/operations_test.go": [
      {
        "type": "Base64 High Entropy String",
        "filename": "gateway-go/internal/platform/gmail/operations_test.go",
        "hashed_secret": "46c4047ecfe8712093c9a50393bb6c1188e5bfa4",
        "is_verified": false,
        "line_number": 274
      }
    ],
    "gateway-go/internal/runtime/bootstrap/logging.go": [
      {
        "type": "Secret Keyword",
        "filename": "gateway-go/internal/runtime/bootstrap/logging.go",
        "hashed_secret": "3d18368dc5b8f5c990393c40fa1906c5cabc5d07",
        "is_verified": false,
        "line_number": 53
      }
    ],
    "gateway-go/internal/runtime/process/env_blocklist_test.go": [
      {
        "type": "Base64 High Entropy String",
        "filename": "gateway-go/internal/runtime/process/env_blocklist_test.go",
        "hashed_secret": "728e4be1979f60187d213bb78ef324d53e6af170",
        "is_verified": false,
        "line_number": 64
      }
    ],
    "gateway-go/internal/runtime/server/miniapp_dropbox.go": [
      {
        "type": "Secret Keyword",
        "filename": "gateway-go/internal/runtime/server/miniapp_dropbox.go",
        "hashed_secret": "ef78751913d55c4bdda260d29db4cbd60a0d7ad8",
        "is_verified": false,
        "line_number": 52
      },
      {
        "type": "Secret Keyword",
        "filename": "gateway-go/internal/runtime/server/miniapp_dropbox.go",
        "hashed_secret": "f418f4a5812458b52790ac5c007c86442ad58583",
        "is_verified": false,
        "line_number": 69
      }
    ],
    "gateway-go/pkg/promptguard/promptguard_test.go": [
      {
        "type": "Private Key",
        "filename": "gateway-go/pkg/promptguard/promptguard_test.go",
        "hashed_secret": "27c6929aef41ae2bcadac15ca6abcaff72cda9cd",
        "is_verified": false,
        "line_number": 17
      }
    ],
    "gateway-go/pkg/redact/patterns.go": [
      {
        "type": "Secret Keyword",
        "filename": "gateway-go/pkg/redact/patterns.go",
        "hashed_secret": "032b3a3f7da6563fbbf319156b09ae5135d64fde",
        "is_verified": false,
        "line_number": 112
      },
      {
        "type": "Basic Auth Credentials",
        "filename": "gateway-go/pkg/redact/patterns.go",
        "hashed_secret": "112bb791304791ddcf692e29fd5cf149b35fea37",
        "is_verified": false,
        "line_number": 126
      },
      {
        "type": "Basic Auth Credentials",
        "filename": "gateway-go/pkg/redact/patterns.go",
        "hashed_secret": "5baa61e4c9b93f3f0682250b6cf8331b7ee68fd8",
        "is_verified": false,
        "line_number": 148
      }
    ],
    "gateway-go/pkg/redact/redact.go": [
      {
        "type": "Secret Keyword",
        "filename": "gateway-go/pkg/redact/redact.go",
        "hashed_secret": "cff8e51fcce79ac594d87283ec49a8f4da219155",
        "is_verified": false,
        "line_number": 12
      },
      {
        "type": "Secret Keyword",
        "filename": "gateway-go/pkg/redact/redact.go",
        "hashed_secret": "fb9aee95b2ae1a18b85c874484c78053fa52d5ba",
        "is_verified": false,
        "line_number": 28
      },
      {
        "type": "Secret Keyword",
        "filename": "gateway-go/pkg/redact/redact.go",
        "hashed_secret": "c6eb7edb52ac7b89e1de1f17a956aab3a6b489f7",
        "is_verified": false,
        "line_number": 242
      },
      {
        "type": "Basic Auth Credentials",
        "filename": "gateway-go/pkg/redact/redact.go",
        "hashed_secret": "9d4e1e23bd5b727046a9e3b4b7db57bd8d6ee684",
        "is_verified": false,
        "line_number": 303
      }
    ],
    "gateway-go/pkg/redact/redact_test.go": [
      {
        "type": "Basic Auth Credentials",
        "filename": "gateway-go/pkg/redact/redact_test.go",
        "hashed_secret": "fef341f85d87439e7d91a2d465b9871ef66b5e98",
        "is_verified": false,
        "line_number": 100
      },
      {
        "type": "Basic Auth Credentials",
        "filename": "gateway-go/pkg/redact/redact_test.go",
        "hashed_secret": "a761ce3a45d97e41840a788495e85a70d1bb3815",
        "is_verified": false,
        "line_number": 102
      },
      {
        "type": "Basic Auth Credentials",
        "filename": "gateway-go/pkg/redact/redact_test.go",
        "hashed_secret": "f3bbbd66a63d4bf1747940578ec3d0103530e21d",
        "is_verified": false,
        "line_number": 103
      },
      {
        "type": "Basic Auth Credentials",
        "filename": "gateway-go/pkg/redact/redact_test.go",
        "hashed_secret": "d1e16cd2f89bd26a05b2d4c713d35d282c607c47",
        "is_verified": false,
        "line_number": 105
      },
      {
        "type": "Basic Auth Credentials",
        "filename": "gateway-go/pkg/redact/redact_test.go",
        "hashed_secret": "76e1f98366934e087adb4ea26a45ca208e6ab340",
        "is_verified": false,
        "line_number": 106
      },
      {
        "type": "Secret Keyword",
        "filename": "gateway-go/pkg/redact/redact_test.go",
        "hashed_secret": "a19bb7b22625ab894962144c17aa94fcaa12b043",
        "is_verified": false,
        "line_number": 128
      },
      {
        "type": "Secret Keyword",
        "filename": "gateway-go/pkg/redact/redact_test.go",
        "hashed_secret": "f82500a4eba49d798bdb58eebb572673c40b41a7",
        "is_verified": false,
        "line_number": 195
      },
      {
        "type": "Secret Keyword",
        "filename": "gateway-go/pkg/redact/redact_test.go",
        "hashed_secret": "41b50059da3b7b3042efb2209cb8883894c2fca6",
        "is_verified": false,
        "line_number": 204
      },
      {
        "type": "Secret Keyword",
        "filename": "gateway-go/pkg/redact/redact_test.go",
        "hashed_secret": "7ce6ed3727ece51d2219f2bdc7f6db3594dc4d7f",
        "is_verified": false,
        "line_number": 229
      },
      {
        "type": "Private Key",
        "filename": "gateway-go/pkg/redact/redact_test.go",
        "hashed_secret": "be4fc4886bd949b369d5e092eb87494f12e57e5b",
        "is_verified": false,
        "line_number": 241
      },
      {
        "type": "Secret Keyword",
        "filename": "gateway-go/pkg/redact/redact_test.go",
        "hashed_secret": "0beec7b5ea3f0fdbc95d0dd47f3c5bc275da8a33",
        "is_verified": false,
        "line_number": 315
      },
      {
        "type": "Base64 High Entropy String",
        "filename": "gateway-go/pkg/redact/redact_test.go",
        "hashed_secret": "c97d52551f9110e9d3960f54af240da7c459a856",
        "is_verified": false,
        "line_number": 439
      }
    ],
    "scripts/dev/puppet.sh": [
      {
        "type": "Secret Keyword",
        "filename": "scripts/dev/puppet.sh",
        "hashed_secret": "613a1a0ca1ab5aa9b83b28a3cca5688a0f757594",
        "is_verified": false,
        "line_number": 113
      }
    ]
  },
  "generated_at": "2026-06-18T01:22:49Z"
}
